<testsuites id="" name="" tests="35" failures="0" skipped="0" errors="0" time="13.61256399999978">
<testsuite name="jsonplaceholderApiTest.spec.ts" timestamp="2024-11-30T13:12:03.670Z" hostname="chromium" tests="35" failures="0" skipped="0" time="12.422" errors="0">
<testcase name="Testing of GET method › Positive test cases for GET method › Retrieve all posts from the endpoint" classname="jsonplaceholderApiTest.spec.ts" time="0.768">
</testcase>
<testcase name="Testing of GET method › Positive test cases for GET method › Retrieve a specific post by its ID" classname="jsonplaceholderApiTest.spec.ts" time="1.075">
</testcase>
<testcase name="Testing of GET method › Positive test cases for GET method › Retrieve posts with query parameters" classname="jsonplaceholderApiTest.spec.ts" time="0.943">
</testcase>
<testcase name="Testing of GET method › Positive test cases for GET method › Verify API Response Time" classname="jsonplaceholderApiTest.spec.ts" time="0.676">
<system-out>
<![CDATA[Response Time: 542 ms
]]>
</system-out>
</testcase>
<testcase name="Testing of GET method › Negative test cases for GET method › Retrieve a non-existent post by ID" classname="jsonplaceholderApiTest.spec.ts" time="0.133">
</testcase>
<testcase name="Testing of GET method › Negative test cases for GET method › Retrieve posts with non-existent userId query parameter" classname="jsonplaceholderApiTest.spec.ts" time="0.201">
</testcase>
<testcase name="Testing of GET method › Negative test cases for GET method › Retrieve post with string ID" classname="jsonplaceholderApiTest.spec.ts" time="0.197">
</testcase>
<testcase name="Testing of GET method › Negative test cases for GET method › Retrieve post with special symbols in ID" classname="jsonplaceholderApiTest.spec.ts" time="0.142">
</testcase>
<testcase name="Testing of GET method › Negative test cases for GET method › Retrieve post with SQL injection attempt" classname="jsonplaceholderApiTest.spec.ts" time="0.168">
</testcase>
<testcase name="Testing of POST method › Positive test cases for POST method › Create a post with valid data" classname="jsonplaceholderApiTest.spec.ts" time="0.501">
</testcase>
<testcase name="Testing of POST method › Positive test cases for POST method › Create a post with minimal required data" classname="jsonplaceholderApiTest.spec.ts" time="0.452">
</testcase>
<testcase name="Testing of POST method › Positive test cases for POST method › Verify API Response Time" classname="jsonplaceholderApiTest.spec.ts" time="0.238">
<system-out>
<![CDATA[Response Time: 203 ms
]]>
</system-out>
</testcase>
<testcase name="Testing of POST method › Negative test cases for POST method › Send an empty request body" classname="jsonplaceholderApiTest.spec.ts" time="0.387">
</testcase>
<testcase name="Testing of POST method › Negative test cases for POST method › Send a post with invalid data types" classname="jsonplaceholderApiTest.spec.ts" time="0.228">
</testcase>
<testcase name="Testing of POST method › Negative test cases for POST method › Send a request body with extra field" classname="jsonplaceholderApiTest.spec.ts" time="0.296">
</testcase>
<testcase name="Testing of POST method › Negative test cases for POST method › Send a post with missing required fields" classname="jsonplaceholderApiTest.spec.ts" time="0.204">
</testcase>
<testcase name="Testing of POST method › Negative test cases for POST method › Send a post with special characters" classname="jsonplaceholderApiTest.spec.ts" time="0.261">
</testcase>
<testcase name="Testing of POST method › Negative test cases for POST method › Send a post with large payload" classname="jsonplaceholderApiTest.spec.ts" time="0.508">
</testcase>
<testcase name="Testing of POST method › Negative test cases for POST method › Send a post with SQL injection attempt" classname="jsonplaceholderApiTest.spec.ts" time="0.219">
</testcase>
<testcase name="Testing of POST method › Negative test cases for POST method › Send a post to a non-existent endpoind" classname="jsonplaceholderApiTest.spec.ts" time="0.251">
</testcase>
<testcase name="Testing of PUT method › Positive test cases for PUT method › Update an existing post with valid data" classname="jsonplaceholderApiTest.spec.ts" time="0.424">
</testcase>
<testcase name="Testing of PUT method › Positive test cases for PUT method › Update only some fields of a post" classname="jsonplaceholderApiTest.spec.ts" time="0.459">
</testcase>
<testcase name="Testing of PUT method › Positive test cases for PUT method › Verify API Response Time" classname="jsonplaceholderApiTest.spec.ts" time="0.437">
<system-out>
<![CDATA[Response Time: 389 ms
]]>
</system-out>
</testcase>
<testcase name="Testing of PUT method › Negative test cases for PUT method › Update non-existing post" classname="jsonplaceholderApiTest.spec.ts" time="0.397">
</testcase>
<testcase name="Testing of PUT method › Negative test cases for PUT method › Update a post with missing required fields" classname="jsonplaceholderApiTest.spec.ts" time="0.417">
</testcase>
<testcase name="Testing of PUT method › Negative test cases for PUT method › Send a PUT request with invalid data types" classname="jsonplaceholderApiTest.spec.ts" time="0.258">
</testcase>
<testcase name="Testing of PUT method › Negative test cases for PUT method › Send a PUT request with special characters" classname="jsonplaceholderApiTest.spec.ts" time="0.24">
</testcase>
<testcase name="Testing of DELETE method › Positive test cases for DELETE method › Delete an existing post" classname="jsonplaceholderApiTest.spec.ts" time="0.191">
</testcase>
<testcase name="Testing of DELETE method › Positive test cases for DELETE method › Delete with query parameters" classname="jsonplaceholderApiTest.spec.ts" time="0.174">
</testcase>
<testcase name="Testing of DELETE method › Positive test cases for DELETE method › Verify API Response Time" classname="jsonplaceholderApiTest.spec.ts" time="0.391">
<system-out>
<![CDATA[Response Time: 368 ms
]]>
</system-out>
</testcase>
<testcase name="Testing of DELETE method › Negative test cases for DELETE method › Delete non-existing post" classname="jsonplaceholderApiTest.spec.ts" time="0.269">
</testcase>
<testcase name="Testing of DELETE method › Negative test cases for DELETE method › Delete post with invalid ID" classname="jsonplaceholderApiTest.spec.ts" time="0.306">
</testcase>
<testcase name="Testing of DELETE method › Negative test cases for DELETE method › Delete a post using special characters in ID" classname="jsonplaceholderApiTest.spec.ts" time="0.226">
</testcase>
<testcase name="Testing of DELETE method › Negative test cases for DELETE method › Delete with extra query parameters" classname="jsonplaceholderApiTest.spec.ts" time="0.203">
</testcase>
<testcase name="Testing of DELETE method › Negative test cases for DELETE method › Delete with missing ID in the URL" classname="jsonplaceholderApiTest.spec.ts" time="0.182">
</testcase>
</testsuite>
</testsuites>